{
    "finishedAt": "2021-01-01 00:00:00",
    "checkResults": [
        {
            "name": "FakeUsedDiskSpace",
            "label": "Fake Used Disk Space",
            "notificationMessage": "",
            "shortSummary": "",
            "status": "ok",
            "meta": {
                "disk_space_used_percentage": 0
            }
        }
    ]
}
