{"finishedAt":"2021-01-01T00:00:00.000000Z","checks":[{"name":"FakeDiskSpace","message":"","status":"ok","meta":{"disk_space_used_percentage":0}}]}