{
    "finishedAt": "2021-01-01 00:00:00",
    "reportedChecks": [
        {
            "name": "FakeUsedDiskSpace",
            "message": "",
            "status": "ok",
            "meta": {
                "disk_space_used_percentage": 0
            }
        }
    ]
}
